// Jest Snapshot v1, https://goo.gl/fbAQLP

exports[`App has a valid snapshot 1`] = `
<div>
  <p>
    heyy
  </p>
</div>
`;

exports[`App has a valid snapshot 2`] = `null`;
